
> @alvarosky/api@0.0.1 test C:\Users\Pc\Desktop\ALVARO\REPOSITORIOS\Web Projects\apps\api
> jest "orders.service"

node.exe : FAIL src/modules/orders/orders.service.spec.ts
En C:\Users\Pc\AppData\Roaming\npm\pnpm.ps1: 24 Carácter: 5
+     & "node$exe"  "$basedir/node_modules/pnpm/bin/pnpm.cjs" $args
+     ~~~~~~~~~~~~~~~~~~~~~~~~~~~~~~~~~~~~~~~~~~~~~~~~~~~~~~~~~~~~~
    + CategoryInfo          : NotSpecified: (FAIL src/module...servic 
   e.spec.ts:String) [], RemoteException
    + FullyQualifiedErrorId : NativeCommandError
 
  OrdersService
    createOrder
      ├ù deber├¡a crear orden con c├ílculo de precio server-side (12 
ms)
      ├ù deber├¡a lanzar NotFoundException si la variante no existe 
(21 ms)
      ├ù deber├¡a lanzar BadRequestException si stock es insuficiente 
(8 ms)
      ├ù deber├¡a lanzar BadRequestException si producto no est├í 
publicado (13 ms)
      ├ù deber├¡a lanzar BadRequestException si producto no est├í 
disponible (isAvailable) (7 ms)
      ├ù deber├¡a validar minSelect ÔÇö lanzar error si se requiere 
selecci├│n m├¡nima y no se env├¡a (6 ms)
      ├ù deber├¡a validar maxSelect ÔÇö lanzar error si se excede el 
m├íximo (5 ms)
      ├ù deber├¡a lanzar error si modificador no est├í disponible (4 
ms)
      ├ù deber├¡a NO decrementar stock si variante es digital (stock 
= -1) (2 ms)
      Guest Checkout
        ├ù deber├¡a crear orden para usuario invitado (userId null) 
con detalles de cliente (2 ms)
        ├ù deber├¡a persistir datos de env├¡o para delivery (1 ms)
    updateStatus
      ÔêÜ deber├¡a cambiar estado de orden existente (3 ms)
      ÔêÜ deber├¡a lanzar NotFoundException si la orden no existe (2 
ms)
    findAllAdmin
      ÔêÜ deber├¡a listar todas las ├│rdenes sin filtro (2 ms)
      ÔêÜ deber├¡a filtrar ├│rdenes por status (2 ms)
    createOrder con status inicial
      ├ù deber├¡a crear orden con status PREPARING cuando POS lo 
env├¡a (flujo mesero) (3 ms)
      ├ù deber├¡a defaultear a PENDING si no se env├¡a status (3 ms)
    findAllAdmin con activeOnly
      ÔêÜ deber├¡a filtrar por activeOnly=true retornando 
PENDING,APPROVED,PROCESSING,PREPARING,READY (2 ms)
      ÔêÜ deber├¡a listar todas sin filtro cuando activeOnly=false (1 
ms)
    Ciclo de vida completo de orden
      ÔêÜ deber├¡a transicionar PENDING ÔåÆ PREPARING (2 ms)
      ÔêÜ deber├¡a transicionar PREPARING ÔåÆ READY (cocinero marca 
listo) (1 ms)
      ÔêÜ deber├¡a transicionar READY ÔåÆ SERVED (mesero entrega al 
cliente) (2 ms)
      ÔêÜ deber├¡a permitir cancelar en cualquier estado (2 ms)
      ÔêÜ deber├¡a recuperar stock de variante y modificadores al 
cancelar orden (1 ms)
    findMyOrders
      ÔêÜ deber├¡a retornar ├│rdenes del usuario filtradas por status 
activos (1 ms)
      ÔêÜ deber├¡a retornar array vac├¡o si el usuario no tiene 
├│rdenes (1 ms)
      ÔêÜ deber├¡a ordenar por createdAt descendiente (1 ms)
      ÔêÜ deber├¡a incluir items con modifiers y variant.product (1 
ms)
    createPayment
      ÔêÜ deber├¡a crear pago y marcar items como pagados (2 ms)
      ÔêÜ deber├¡a cerrar orden autom├íticamente cuando todos los 
items est├ín pagados (2 ms)
      ÔêÜ deber├¡a forzar cierre con closeOrder: true aunque queden 
items (1 ms)
      ÔêÜ deber├¡a NO cerrar orden si quedan items sin pagar y 
closeOrder no es true (2 ms)
      ÔêÜ deber├¡a lanzar NotFoundException si la orden no existe (2 
ms)
      ÔêÜ deber├¡a aceptar pagos sin itemIds (pago parcial gen├®rico) 
(2 ms)
    updateStatus ÔÇö Cancelaci├│n con restauraci├│n de stock
      ÔêÜ deber├¡a restaurar stock de variantes al cancelar orden (2 
ms)
      ÔêÜ deber├¡a restaurar stock de modificadores al cancelar orden 
(2 ms)
      ÔêÜ deber├¡a NO restaurar stock de variante digital (stock = 
-1) (1 ms)
      ÔêÜ deber├¡a lanzar BadRequestException al intentar cancelar 
orden ya cancelada (3 ms)
    Emisi├│n de eventos SSE
      ├ù deber├¡a emitir evento new_order al crear orden (5 ms)
      ÔêÜ deber├¡a emitir evento status_changed al actualizar estado 
(2 ms)
      ÔêÜ deber├¡a emitir evento payment_received al crear pago (2 ms)
    getDownloadUrl
      ÔêÜ deber├¡a retornar URL firmada para descarga digital v├ílida 
(con orderId) (2 ms)
      ÔêÜ deber├¡a lanzar ForbiddenException si el usuario no ha 
comprado el producto (1 ms)
      ÔêÜ deber├¡a lanzar NotFoundException si el producto no existe 
(2 ms)
      ÔêÜ deber├¡a lanzar NotFoundException si producto no tiene 
archivo digital (1 ms)
      ÔêÜ deber├¡a buscar orden sin orderId espec├¡fico (cualquier 
orden v├ílida) (1 ms)
    createOrder con m├║ltiples items
      ├ù deber├¡a calcular totalAmount correctamente con m├║ltiples 
items (2 ms)
      ├ù deber├¡a decrementar stock de cada variante 
independientemente (1 ms)
    Delivery Flow
      ÔêÜ deber├¡a asignar driver a orden READY de tipo DELIVERY (2 
ms)
      ÔêÜ deber├¡a lanzar BadRequestException si el driver no est├í 
AVAILABLE (2 ms)
      ÔêÜ deber├¡a decrementar currentActiveOrders y liberar driver 
al entregar (2 ms)
      ÔêÜ deber├¡a liberar driver al cancelar orden asignada (2 ms)
      ÔêÜ deber├¡a retornar ├│rdenes ASSIGNED/IN_TRANSIT del driver 
por userId (1 ms)

  ÔùÅ OrdersService ÔÇ║ createOrder ÔÇ║ deber├¡a crear orden con 
c├ílculo de precio server-side

    TypeError: this.prisma.productVariant.findFirst is not a function

    [0m [90m 34 |[39m
     [90m 35 |[39m     [36mfor[39m ([36mconst[39m item 
[36mof[39m items) {
    [31m[1m>[22m[39m[90m 36 |[39m       [36mconst[39m variant 
[33m=[39m [36mawait[39m [36mthis[39m[33m.[39mprisma[33m.[39m
productVariant[33m.[39mfindFirst({
     [90m    |[39m                                                  
      [31m[1m^[22m[39m
     [90m 37 |[39m         where[33m:[39m { id[33m:[39m 
item[33m.[39mvariantId[33m,[39m tenantId }[33m,[39m
     [90m 38 |[39m         include[33m:[39m {
     [90m 39 |[39m           product[33m:[39m {[0m

      at OrderPricingService.calculate 
(modules/orders/services/order-pricing.service.ts:36:56)
      at OrdersService.createOrder 
(modules/orders/orders.service.ts:62:71)
      at Object.<anonymous> 
(modules/orders/orders.service.spec.ts:258:36)

  ÔùÅ OrdersService ÔÇ║ createOrder ÔÇ║ deber├¡a lanzar 
NotFoundException si la variante no existe

    expect(received).rejects.toThrow(expected)

    Expected constructor: NotFoundException
    Received constructor: TypeError

    Received message: "this.prisma.productVariant.findFirst is not a 
function"

        [0m [90m 34 |[39m
         [90m 35 |[39m     [36mfor[39m ([36mconst[39m item 
[36mof[39m items) {
        [31m[1m>[22m[39m[90m 36 |[39m       [36mconst[39m 
variant [33m=[39m [36mawait[39m [36mthis[39m[33m.[39mprisma[3
3m.[39mproductVariant[33m.[39mfindFirst({
         [90m    |[39m                                              
          [31m[1m^[22m[39m
         [90m 37 |[39m         where[33m:[39m { id[33m:[39m 
item[33m.[39mvariantId[33m,[39m tenantId }[33m,[39m
         [90m 38 |[39m         include[33m:[39m {
         [90m 39 |[39m           product[33m:[39m {[0m

      at OrderPricingService.calculate 
(modules/orders/services/order-pricing.service.ts:36:56)
      at OrdersService.createOrder 
(modules/orders/orders.service.ts:62:71)
      at Object.<anonymous> 
(modules/orders/orders.service.spec.ts:299:28)
      at Object.toThrow (../../../node_modules/.pnpm/expect@30.2.0/nod
e_modules/expect/build/index.js:2155:20)
      at Object.<anonymous> 
(modules/orders/orders.service.spec.ts:299:71)

  ÔùÅ OrdersService ÔÇ║ createOrder ÔÇ║ deber├¡a lanzar 
BadRequestException si stock es insuficiente

    expect(received).rejects.toThrow(expected)

    Expected constructor: BadRequestException
    Received constructor: TypeError

    Received message: "this.prisma.productVariant.findFirst is not a 
function"

        [0m [90m 34 |[39m
         [90m 35 |[39m     [36mfor[39m ([36mconst[39m item 
[36mof[39m items) {
        [31m[1m>[22m[39m[90m 36 |[39m       [36mconst[39m 
variant [33m=[39m [36mawait[39m [36mthis[39m[33m.[39mprisma[3
3m.[39mproductVariant[33m.[39mfindFirst({
         [90m    |[39m                                              
          [31m[1m^[22m[39m
         [90m 37 |[39m         where[33m:[39m { id[33m:[39m 
item[33m.[39mvariantId[33m,[39m tenantId }[33m,[39m
         [90m 38 |[39m         include[33m:[39m {
         [90m 39 |[39m           product[33m:[39m {[0m

      at OrderPricingService.calculate 
(modules/orders/services/order-pricing.service.ts:36:56)
      at OrdersService.createOrder 
(modules/orders/orders.service.ts:62:71)
      at Object.<anonymous> 
(modules/orders/orders.service.spec.ts:315:28)
      at Object.toThrow (../../../node_modules/.pnpm/expect@30.2.0/nod
e_modules/expect/build/index.js:2155:20)
      at Object.<anonymous> 
(modules/orders/orders.service.spec.ts:315:71)

  ÔùÅ OrdersService ÔÇ║ createOrder ÔÇ║ deber├¡a lanzar 
BadRequestException si producto no est├í publicado

    expect(received).rejects.toThrow(expected)

    Expected constructor: BadRequestException
    Received constructor: TypeError

    Received message: "this.prisma.productVariant.findFirst is not a 
function"

        [0m [90m 34 |[39m
         [90m 35 |[39m     [36mfor[39m ([36mconst[39m item 
[36mof[39m items) {
        [31m[1m>[22m[39m[90m 36 |[39m       [36mconst[39m 
variant [33m=[39m [36mawait[39m [36mthis[39m[33m.[39mprisma[3
3m.[39mproductVariant[33m.[39mfindFirst({
         [90m    |[39m                                              
          [31m[1m^[22m[39m
         [90m 37 |[39m         where[33m:[39m { id[33m:[39m 
item[33m.[39mvariantId[33m,[39m tenantId }[33m,[39m
         [90m 38 |[39m         include[33m:[39m {
         [90m 39 |[39m           product[33m:[39m {[0m

      at OrderPricingService.calculate 
(modules/orders/services/order-pricing.service.ts:36:56)
      at OrdersService.createOrder 
(modules/orders/orders.service.ts:62:71)
      at Object.<anonymous> 
(modules/orders/orders.service.spec.ts:331:28)
      at Object.toThrow (../../../node_modules/.pnpm/expect@30.2.0/nod
e_modules/expect/build/index.js:2155:20)
      at Object.<anonymous> 
(modules/orders/orders.service.spec.ts:331:71)

  ÔùÅ OrdersService ÔÇ║ createOrder ÔÇ║ deber├¡a lanzar 
BadRequestException si producto no est├í disponible (isAvailable)

    expect(received).rejects.toThrow(expected)

    Expected pattern: /no disponible/
    Received message: "this.prisma.productVariant.findFirst is not a 
function"

        [0m [90m 34 |[39m
         [90m 35 |[39m     [36mfor[39m ([36mconst[39m item 
[36mof[39m items) {
        [31m[1m>[22m[39m[90m 36 |[39m       [36mconst[39m 
variant [33m=[39m [36mawait[39m [36mthis[39m[33m.[39mprisma[3
3m.[39mproductVariant[33m.[39mfindFirst({
         [90m    |[39m                                              
          [31m[1m^[22m[39m
         [90m 37 |[39m         where[33m:[39m { id[33m:[39m 
item[33m.[39mvariantId[33m,[39m tenantId }[33m,[39m
         [90m 38 |[39m         include[33m:[39m {
         [90m 39 |[39m           product[33m:[39m {[0m

      at OrderPricingService.calculate 
(modules/orders/services/order-pricing.service.ts:36:56)
      at OrdersService.createOrder 
(modules/orders/orders.service.ts:62:71)
      at Object.<anonymous> 
(modules/orders/orders.service.spec.ts:347:28)
      at Object.toThrow (../../../node_modules/.pnpm/expect@30.2.0/nod
e_modules/expect/build/index.js:2155:20)
      at Object.<anonymous> 
(modules/orders/orders.service.spec.ts:347:71)

  ÔùÅ OrdersService ÔÇ║ createOrder ÔÇ║ deber├¡a validar minSelect 
ÔÇö lanzar error si se requiere selecci├│n m├¡nima y no se env├¡a

    expect(received).rejects.toThrow(expected)

    Expected constructor: BadRequestException
    Received constructor: TypeError

    Received message: "this.prisma.productVariant.findFirst is not a 
function"

        [0m [90m 34 |[39m
         [90m 35 |[39m     [36mfor[39m ([36mconst[39m item 
[36mof[39m items) {
        [31m[1m>[22m[39m[90m 36 |[39m       [36mconst[39m 
variant [33m=[39m [36mawait[39m [36mthis[39m[33m.[39mprisma[3
3m.[39mproductVariant[33m.[39mfindFirst({
         [90m    |[39m                                              
          [31m[1m^[22m[39m
         [90m 37 |[39m         where[33m:[39m { id[33m:[39m 
item[33m.[39mvariantId[33m,[39m tenantId }[33m,[39m
         [90m 38 |[39m         include[33m:[39m {
         [90m 39 |[39m           product[33m:[39m {[0m

      at OrderPricingService.calculate 
(modules/orders/services/order-pricing.service.ts:36:56)
      at OrdersService.createOrder 
(modules/orders/orders.service.ts:62:71)
      at Object.<anonymous> 
(modules/orders/orders.service.spec.ts:360:28)
      at Object.toThrow (../../../node_modules/.pnpm/expect@30.2.0/nod
e_modules/expect/build/index.js:2155:20)
      at Object.<anonymous> 
(modules/orders/orders.service.spec.ts:360:71)

  ÔùÅ OrdersService ÔÇ║ createOrder ÔÇ║ deber├¡a validar maxSelect 
ÔÇö lanzar error si se excede el m├íximo

    expect(received).rejects.toThrow(expected)

    Expected pattern: /permite m├íximo/
    Received message: "this.prisma.productVariant.findFirst is not a 
function"

        [0m [90m 34 |[39m
         [90m 35 |[39m     [36mfor[39m ([36mconst[39m item 
[36mof[39m items) {
        [31m[1m>[22m[39m[90m 36 |[39m       [36mconst[39m 
variant [33m=[39m [36mawait[39m [36mthis[39m[33m.[39mprisma[3
3m.[39mproductVariant[33m.[39mfindFirst({
         [90m    |[39m                                              
          [31m[1m^[22m[39m
         [90m 37 |[39m         where[33m:[39m { id[33m:[39m 
item[33m.[39mvariantId[33m,[39m tenantId }[33m,[39m
         [90m 38 |[39m         include[33m:[39m {
         [90m 39 |[39m           product[33m:[39m {[0m

      at OrderPricingService.calculate 
(modules/orders/services/order-pricing.service.ts:36:56)
      at OrdersService.createOrder 
(modules/orders/orders.service.ts:62:71)
      at Object.<anonymous> 
(modules/orders/orders.service.spec.ts:402:28)
      at Object.toThrow (../../../node_modules/.pnpm/expect@30.2.0/nod
e_modules/expect/build/index.js:2155:20)
      at Object.<anonymous> 
(modules/orders/orders.service.spec.ts:402:71)

  ÔùÅ OrdersService ÔÇ║ createOrder ÔÇ║ deber├¡a lanzar error si 
modificador no est├í disponible

    expect(received).rejects.toThrow(expected)

    Expected pattern: /no disponible/
    Received message: "this.prisma.productVariant.findFirst is not a 
function"

        [0m [90m 34 |[39m
         [90m 35 |[39m     [36mfor[39m ([36mconst[39m item 
[36mof[39m items) {
        [31m[1m>[22m[39m[90m 36 |[39m       [36mconst[39m 
variant [33m=[39m [36mawait[39m [36mthis[39m[33m.[39mprisma[3
3m.[39mproductVariant[33m.[39mfindFirst({
         [90m    |[39m                                              
          [31m[1m^[22m[39m
         [90m 37 |[39m         where[33m:[39m { id[33m:[39m 
item[33m.[39mvariantId[33m,[39m tenantId }[33m,[39m
         [90m 38 |[39m         include[33m:[39m {
         [90m 39 |[39m           product[33m:[39m {[0m

      at OrderPricingService.calculate 
(modules/orders/services/order-pricing.service.ts:36:56)
      at OrdersService.createOrder 
(modules/orders/orders.service.ts:62:71)
      at Object.<anonymous> 
(modules/orders/orders.service.spec.ts:444:28)
      at Object.toThrow (../../../node_modules/.pnpm/expect@30.2.0/nod
e_modules/expect/build/index.js:2155:20)
      at Object.<anonymous> 
(modules/orders/orders.service.spec.ts:444:71)

  ÔùÅ OrdersService ÔÇ║ createOrder ÔÇ║ deber├¡a NO decrementar stock 
si variante es digital (stock = -1)

    TypeError: this.prisma.productVariant.findFirst is not a function

    [0m [90m 34 |[39m
     [90m 35 |[39m     [36mfor[39m ([36mconst[39m item 
[36mof[39m items) {
    [31m[1m>[22m[39m[90m 36 |[39m       [36mconst[39m variant 
[33m=[39m [36mawait[39m [36mthis[39m[33m.[39mprisma[33m.[39m
productVariant[33m.[39mfindFirst({
     [90m    |[39m                                                  
      [31m[1m^[22m[39m
     [90m 37 |[39m         where[33m:[39m { id[33m:[39m 
item[33m.[39mvariantId[33m,[39m tenantId }[33m,[39m
     [90m 38 |[39m         include[33m:[39m {
     [90m 39 |[39m           product[33m:[39m {[0m

      at OrderPricingService.calculate 
(modules/orders/services/order-pricing.service.ts:36:56)
      at OrdersService.createOrder 
(modules/orders/orders.service.ts:62:71)
      at Object.<anonymous> 
(modules/orders/orders.service.spec.ts:467:21)

  ÔùÅ OrdersService ÔÇ║ createOrder ÔÇ║ Guest Checkout ÔÇ║ deber├¡a 
crear orden para usuario invitado (userId null) con detalles de 
cliente

    TypeError: this.prisma.productVariant.findFirst is not a function

    [0m [90m 34 |[39m
     [90m 35 |[39m     [36mfor[39m ([36mconst[39m item 
[36mof[39m items) {
    [31m[1m>[22m[39m[90m 36 |[39m       [36mconst[39m variant 
[33m=[39m [36mawait[39m [36mthis[39m[33m.[39mprisma[33m.[39m
productVariant[33m.[39mfindFirst({
     [90m    |[39m                                                  
      [31m[1m^[22m[39m
     [90m 37 |[39m         where[33m:[39m { id[33m:[39m 
item[33m.[39mvariantId[33m,[39m tenantId }[33m,[39m
     [90m 38 |[39m         include[33m:[39m {
     [90m 39 |[39m           product[33m:[39m {[0m

      at OrderPricingService.calculate 
(modules/orders/services/order-pricing.service.ts:36:56)
      at OrdersService.createOrder 
(modules/orders/orders.service.ts:62:71)
      at Object.<anonymous> 
(modules/orders/orders.service.spec.ts:503:23)

  ÔùÅ OrdersService ÔÇ║ createOrder ÔÇ║ Guest Checkout ÔÇ║ deber├¡a 
persistir datos de env├¡o para delivery

    TypeError: this.prisma.productVariant.findFirst is not a function

    [0m [90m 34 |[39m
     [90m 35 |[39m     [36mfor[39m ([36mconst[39m item 
[36mof[39m items) {
    [31m[1m>[22m[39m[90m 36 |[39m       [36mconst[39m variant 
[33m=[39m [36mawait[39m [36mthis[39m[33m.[39mprisma[33m.[39m
productVariant[33m.[39mfindFirst({
     [90m    |[39m                                                  
      [31m[1m^[22m[39m
     [90m 37 |[39m         where[33m:[39m { id[33m:[39m 
item[33m.[39mvariantId[33m,[39m tenantId }[33m,[39m
     [90m 38 |[39m         include[33m:[39m {
     [90m 39 |[39m           product[33m:[39m {[0m

      at OrderPricingService.calculate 
(modules/orders/services/order-pricing.service.ts:36:56)
      at OrdersService.createOrder 
(modules/orders/orders.service.ts:62:71)
      at Object.<anonymous> 
(modules/orders/orders.service.spec.ts:552:23)

  ÔùÅ OrdersService ÔÇ║ createOrder con status inicial ÔÇ║ deber├¡a 
crear orden con status PREPARING cuando POS lo env├¡a (flujo mesero)

    TypeError: this.prisma.productVariant.findFirst is not a function

    [0m [90m 34 |[39m
     [90m 35 |[39m     [36mfor[39m ([36mconst[39m item 
[36mof[39m items) {
    [31m[1m>[22m[39m[90m 36 |[39m       [36mconst[39m variant 
[33m=[39m [36mawait[39m [36mthis[39m[33m.[39mprisma[33m.[39m
productVariant[33m.[39mfindFirst({
     [90m    |[39m                                                  
      [31m[1m^[22m[39m
     [90m 37 |[39m         where[33m:[39m { id[33m:[39m 
item[33m.[39mvariantId[33m,[39m tenantId }[33m,[39m
     [90m 38 |[39m         include[33m:[39m {
     [90m 39 |[39m           product[33m:[39m {[0m

      at OrderPricingService.calculate 
(modules/orders/services/order-pricing.service.ts:36:56)
      at OrdersService.createOrder 
(modules/orders/orders.service.ts:62:71)
      at Object.<anonymous> 
(modules/orders/orders.service.spec.ts:669:21)

  ÔùÅ OrdersService ÔÇ║ createOrder con status inicial ÔÇ║ deber├¡a 
defaultear a PENDING si no se env├¡a status

    TypeError: this.prisma.productVariant.findFirst is not a function

    [0m [90m 34 |[39m
     [90m 35 |[39m     [36mfor[39m ([36mconst[39m item 
[36mof[39m items) {
    [31m[1m>[22m[39m[90m 36 |[39m       [36mconst[39m variant 
[33m=[39m [36mawait[39m [36mthis[39m[33m.[39mprisma[33m.[39m
productVariant[33m.[39mfindFirst({
     [90m    |[39m                                                  
      [31m[1m^[22m[39m
     [90m 37 |[39m         where[33m:[39m { id[33m:[39m 
item[33m.[39mvariantId[33m,[39m tenantId }[33m,[39m
     [90m 38 |[39m         include[33m:[39m {
     [90m 39 |[39m           product[33m:[39m {[0m

      at OrderPricingService.calculate 
(modules/orders/services/order-pricing.service.ts:36:56)
      at OrdersService.createOrder 
(modules/orders/orders.service.ts:62:71)
      at Object.<anonymous> 
(modules/orders/orders.service.spec.ts:695:21)

  ÔùÅ OrdersService ÔÇ║ Emisi├│n de eventos SSE ÔÇ║ deber├¡a emitir 
evento new_order al crear orden

    TypeError: this.prisma.productVariant.findFirst is not a function

    [0m [90m 34 |[39m
     [90m 35 |[39m     [36mfor[39m ([36mconst[39m item 
[36mof[39m items) {
    [31m[1m>[22m[39m[90m 36 |[39m       [36mconst[39m variant 
[33m=[39m [36mawait[39m [36mthis[39m[33m.[39mprisma[33m.[39m
productVariant[33m.[39mfindFirst({
     [90m    |[39m                                                  
      [31m[1m^[22m[39m
     [90m 37 |[39m         where[33m:[39m { id[33m:[39m 
item[33m.[39mvariantId[33m,[39m tenantId }[33m,[39m
     [90m 38 |[39m         include[33m:[39m {
     [90m 39 |[39m           product[33m:[39m {[0m

      at OrderPricingService.calculate 
(modules/orders/services/order-pricing.service.ts:36:56)
      at OrdersService.createOrder 
(modules/orders/orders.service.ts:62:71)
      at Object.<anonymous> 
(modules/orders/orders.service.spec.ts:1217:21)

  ÔùÅ OrdersService ÔÇ║ createOrder con m├║ltiples items ÔÇ║ deber├¡a 
calcular totalAmount correctamente con m├║ltiples items

    TypeError: this.prisma.productVariant.findFirst is not a function

    [0m [90m 34 |[39m
     [90m 35 |[39m     [36mfor[39m ([36mconst[39m item 
[36mof[39m items) {
    [31m[1m>[22m[39m[90m 36 |[39m       [36mconst[39m variant 
[33m=[39m [36mawait[39m [36mthis[39m[33m.[39mprisma[33m.[39m
productVariant[33m.[39mfindFirst({
     [90m    |[39m                                                  
      [31m[1m^[22m[39m
     [90m 37 |[39m         where[33m:[39m { id[33m:[39m 
item[33m.[39mvariantId[33m,[39m tenantId }[33m,[39m
     [90m 38 |[39m         include[33m:[39m {
     [90m 39 |[39m           product[33m:[39m {[0m

      at OrderPricingService.calculate 
(modules/orders/services/order-pricing.service.ts:36:56)
      at OrdersService.createOrder 
(modules/orders/orders.service.ts:62:71)
      at Object.<anonymous> 
(modules/orders/orders.service.spec.ts:1434:21)

  ÔùÅ OrdersService ÔÇ║ createOrder con m├║ltiples items ÔÇ║ deber├¡a 
decrementar stock de cada variante independientemente

    TypeError: this.prisma.productVariant.findFirst is not a function

    [0m [90m 34 |[39m
     [90m 35 |[39m     [36mfor[39m ([36mconst[39m item 
[36mof[39m items) {
    [31m[1m>[22m[39m[90m 36 |[39m       [36mconst[39m variant 
[33m=[39m [36mawait[39m [36mthis[39m[33m.[39mprisma[33m.[39m
productVariant[33m.[39mfindFirst({
     [90m    |[39m                                                  
      [31m[1m^[22m[39m
     [90m 37 |[39m         where[33m:[39m { id[33m:[39m 
item[33m.[39mvariantId[33m,[39m tenantId }[33m,[39m
     [90m 38 |[39m         include[33m:[39m {
     [90m 39 |[39m           product[33m:[39m {[0m

      at OrderPricingService.calculate 
(modules/orders/services/order-pricing.service.ts:36:56)
      at OrdersService.createOrder 
(modules/orders/orders.service.ts:62:71)
      at Object.<anonymous> 
(modules/orders/orders.service.spec.ts:1480:21)

Test Suites: 1 failed, 1 total
Tests:       16 failed, 37 passed, 53 total
Snapshots:   0 total
Time:        1.858 s, estimated 2 s
Ran all test suites matching orders.service.
C:\Users\Pc\Desktop\ALVARO\REPOSITORIOS\Web Projects\apps\api:
ÔÇëERR_PNPM_RECURSIVE_RUN_FIRST_FAILÔÇë @alvarosky/api@0.0.1 test: `jest "orders.service"`
Exit status 1
